// Jest Snapshot v1, https://goo.gl/fbAQLP

exports[`Pickup renders correctly 1`] = `
<View>
  <View
    style={
      {
        "backgroundColor": "#535aff",
      }
    }
  >
    <View
      style={
        {
          "marginLeft": "auto",
          "marginRight": "auto",
          "paddingVertical": 20,
          "width": "85%",
        }
      }
    >
      <View>
        <FontAwesome
          color="#fff"
          name="bars"
          size={25}
        />
      </View>
      <View
        style={
          {
            "paddingVertical": 15,
          }
        }
      >
        <Text
          style={
            {
              "color": "#fff",
              "fontSize": 25,
            }
          }
        >
          To find your pickup 
        </Text>
        <Text
          style={
            {
              "color": "#fff",
              "fontSize": 25,
            }
          }
        >
          location 
        </Text>
        <Text
          style={
            {
              "color": "#fff",
              "fontSize": 25,
            }
          }
        >
          automatically, turn 
        </Text>
        <Text
          style={
            {
              "color": "#fff",
              "fontSize": 25,
            }
          }
        >
          on location services
        </Text>
      </View>
      <View>
        <View
          accessibilityState={
            {
              "busy": undefined,
              "checked": undefined,
              "disabled": undefined,
              "expanded": undefined,
              "selected": undefined,
            }
          }
          accessibilityValue={
            {
              "max": undefined,
              "min": undefined,
              "now": undefined,
              "text": undefined,
            }
          }
          accessible={true}
          collapsable={false}
          focusable={false}
          onClick={[Function]}
          onResponderGrant={[Function]}
          onResponderMove={[Function]}
          onResponderRelease={[Function]}
          onResponderTerminate={[Function]}
          onResponderTerminationRequest={[Function]}
          onStartShouldSetResponder={[Function]}
          style={
            {
              "backgroundColor": "#000",
              "borderRadius": 40,
              "opacity": 1,
              "padding": 10,
              "width": "70%",
            }
          }
        >
          <Text
            style={
              {
                "color": "#fff",
                "fontSize": 18,
                "textAlign": "center",
              }
            }
          >
            Turn on Location
          </Text>
        </View>
      </View>
    </View>
  </View>
  <View
    style={
      {
        "backgroundColor": "#000",
      }
    }
  >
    <View
      style={
        {
          "marginLeft": "auto",
          "marginRight": "auto",
          "width": "85%",
        }
      }
    >
      <View
        style={
          {
            "alignItems": "center",
            "display": "flex",
            "flexDirection": "row",
            "justifyContent": "space-around",
            "paddingVertical": 20,
          }
        }
      >
        <View>
          <Image
            source={
              {
                "testUri": "../../../assets/car.png",
              }
            }
            style={
              {
                "borderRadius": 10,
                "height": 60,
                "width": 60,
              }
            }
          />
          <Text
            style={
              {
                "color": "#fff",
                "fontSize": 18,
                "paddingTop": 10,
                "textAlign": "center",
              }
            }
          >
            Ride
          </Text>
        </View>
        <View>
          <View
            accessibilityState={
              {
                "busy": undefined,
                "checked": undefined,
                "disabled": undefined,
                "expanded": undefined,
                "selected": undefined,
              }
            }
            accessibilityValue={
              {
                "max": undefined,
                "min": undefined,
                "now": undefined,
                "text": undefined,
              }
            }
            accessible={true}
            collapsable={false}
            focusable={true}
            onClick={[Function]}
            onResponderGrant={[Function]}
            onResponderMove={[Function]}
            onResponderRelease={[Function]}
            onResponderTerminate={[Function]}
            onResponderTerminationRequest={[Function]}
            onStartShouldSetResponder={[Function]}
            style={
              {
                "opacity": 1,
              }
            }
          >
            <Image
              source={
                {
                  "testUri": "../../../assets/package.png",
                }
              }
              style={
                {
                  "borderRadius": 10,
                  "height": 60,
                  "width": 60,
                }
              }
            />
            <Text
              style={
                {
                  "color": "#fff",
                  "fontSize": 18,
                  "paddingTop": 10,
                  "textAlign": "center",
                }
              }
            >
              Package
            </Text>
          </View>
        </View>
      </View>
      <View>
        <TextInput
          color="white"
          placeholder="Enter pickup point"
          placeholderTextColor="white"
          style={
            {
              "backgroundColor": "#2B2B2B",
              "borderRadius": 10,
              "fontSize": 20,
              "marginLeft": "auto",
              "marginRight": "auto",
              "padding": 15,
              "width": "100%",
            }
          }
        />
        <Text
          style={
            {
              "color": "white",
              "fontSize": 22,
              "paddingVertical": 13,
            }
          }
        >
          Around you
        </Text>
      </View>
    </View>
    <View
      style={
        {
          "marginLeft": "auto",
          "marginRight": "auto",
          "paddingBottom": 30,
          "width": "85%",
        }
      }
    >
      <MapView
        style={
          {
            "height": 150,
            "width": "100%",
          }
        }
      />
    </View>
  </View>
</View>
`;
